40
##start
fzxc0WG0lVAj6ATjjX2A 0 0
9VNFsfJ4qHLoGBufBRBH 1 0
NmNqfXqfK9Nxwuggw4mF 2 0
gqHSf71iezcBdjbEHKvr 3 0
LK5t5pJqPyehHGCc0Fy6 4 0
fV74lolx4OhLjzJCaRYs 5 0
gZQKLSjEy4CZwcDVRab5 6 0
y965CSUrp2649VOR3g7q 7 0
LY34AAQWygqUNk06ONHx 8 0
BBKNLvwJByKkPJnkGR7Q 9 0
0B0MwbPNRB7BJI6dqpRz 10 0
1glsXJsDClAyQ67Rr71R 11 0
83pEVYSS5RyWOLZLVXDS 12 0
Z7h6HJk0tJBfIewjUiks 13 0
8qojmZ4HUXbH5Xp338Xs 14 0
bwQ4YUInOGVfXYO2XleW 0 1
RbjzwgnZRcxRhcckQQlP 1 1
EutoNWWajJb4pssczxPD 2 1
NwTtplfjV5Z9yBmzye88 3 1
fNJe8BcXsqB6reMIm1Yy 4 1
BMjfiNlSUTIn5yMpo9Eo 5 1
Mwqx4EQ3CR1Nxs6OX1ur 6 1
Od6HsY0vPf68SR1HEuz0 7 1
lFgmXLFd0Llfiatep167 8 1
f4PrLbGyikugyYqj21mD 9 1
BcDzQx3TuSgN1cZv0t1P 10 1
VfQi6PAtvZNE82NL2s3V 11 1
zQ3tNpGkDaDJimCgvC4N 12 1
8uvOQ6cVZZa6XEOrULyU 13 1
0ejDSxH6oUB3p6HY2B3b 14 1
ZZ33FWhRRb8ly1uTe6N6 0 2
APzGtIlTrtme3SklXz1Y 1 2
ZRhR1ci1a1dL1jKfpK0a 2 2
TGU3gtFMtJRWX5UwO3XE 3 2
DDDu6HvGFsQv7khFC4Re 4 2
KwSvVkl4xLzcOtcSFR3J 5 2
lxKYhvVuOltTOfEVaPFA 6 2
jE8h826U2nB3TanCfbV4 7 2
gkMxXvs6tWn9ImfyZUyw 8 2
K6ACYjJrzrZHxgkJH5tw 9 2
rNLA8jOUNPHY1nsYP2Eg 10 2
Uo0WG6RvYHruejSBt3h1 11 2
3Bw6n8uORcGqeAXRIKUH 12 2
ovZVk9kmua5PM8NofeJE 13 2
MBFffU3n3o91ZGHB62VF 14 2
Ikm7EzqRkUCVlwVAFNkg 0 3
CekPeBOhgB6cqYgoruzC 1 3
pvoTg4fsIH3zFuL9pNMo 2 3
2016Wtb2pAvxeVQvXRL9 3 3
MuNh44MojT1G2B6d8fva 4 3
fnssGn2mwEEfvJOurxLI 5 3
H8gpAKMYXj81CyTMaecg 6 3
kaoDrXhZ4hr6e84NcGv0 7 3
VNlwU5RVSVDgPmQGioCT 8 3
JS6TXMh6mWrmibgWJWnH 9 3
b6a0RTJmjaOg2idwjW7b 10 3
41xdqTC1KXZbFzx6o2Av 11 3
PSgT8I62FKqARGClGzKd 12 3
oQIcM0lysjKldIrfF05P 13 3
lL1ssE8MQrVq3zC47BoX 14 3
No2lo5lrZUGDSrofFud4 0 4
P9lD7RIPhGLXUWTyqdnE 1 4
hCxQQO4TIP8TvxVOUsBT 2 4
wibcemdV7EWsjap8SrJm 3 4
cKBXUr2XmkbPUoejZnNK 4 4
Jq3pvpaksljPEyiSMo9R 5 4
ZfjdB5kAvREPwjU5ORC1 6 4
KEpNK8rQ8v7FyyE2Dqtk 7 4
RD2sgCgV5qiDbosFIvns 8 4
xnn53iUcUjOv3yU9i4Bk 9 4
W8E5gT1EKMrP7kJS36co 10 4
gRln4Rmt7XK7gBB0b5uB 11 4
ZrYiIDXEsp7nPHODCnqA 12 4
3wchCWTvaXKpw0MAdoD2 13 4
IuLnL1lOsTZjvkXahho8 14 4
SHpAdgk5UB8aYJRBQtaU 0 5
rRiwVhUJq7rFVsCPBKca 1 5
j9WCVDzMCBGz6ZyV1I8I 2 5
ShnMjmJwLiq5lfORSRhM 3 5
qrAicjRzFg1hglbbiEbe 4 5
PRJnYysG6NZBqQAJeZrE 5 5
wFOxJXsLTBYflIZgWrRH 6 5
eDpOgkb7KhWi1Aly8eWW 7 5
ygDRDlIEMtTL2uP8jj9H 8 5
63TNH1JBv0kGvd6eFmEN 9 5
V73bHaxQ2mGnfz9dJ7yo 10 5
yA3vJud7loxaU67ek8P5 11 5
OiPflFl64shpWVrzRHe7 12 5
YN9TvG0SfSG7Rp9NNFO6 13 5
lOQdvKvgiml3dwwSK3KS 14 5
UGlwUEpzqM8O8lQOsFhQ 0 6
5bZVBtVZYWz4N2kuipfI 1 6
9AmCU0qhJgxnNQj0IDxy 2 6
Au0WtVDTD9E4xLSN4We0 3 6
nDZZLueyrb7nW8gEoVqi 4 6
fMVECYbvhMuQPyHilO86 5 6
teUcv5G451x8iemBC05U 6 6
f9H4Bjp51BUCVXtjXd5t 7 6
M6f5Y105RWMWzuAZZqJK 8 6
XrMdCq4DHPb1EEyBZBqw 9 6
tvbCxAa6EUIXgMXliSlv 10 6
0upWHT3TLoPlAMxib0Fe 11 6
VCvtlmeVUWENLcCUzVNC 12 6
4F1uMnzLx1ILFvkkw34g 13 6
ZX7t626n2Xw7XD4v3laa 14 6
AkxFDbnSQH4Sby3xr4Db 0 7
edIpv8YRuG5rCyxBrU9G 1 7
X0cS0uzQYNivNhybmuaT 2 7
I0Vi1iRuJXmmDjvFchuc 3 7
Y5PkhQ3EMvJNMY64YzBR 4 7
wxIMcDRRDWQi513AEQjJ 5 7
eNXjYS1ILH8SyaL6Umz0 6 7
##end
cr2cYwpesuVuWxMwWaaj 7 7
xXglwI8WktBo5gdsR8bP 8 7
TH7dAHs3XjfJLsG1eNv7 9 7
cNSWhEzry7DAYJXXdrh8 10 7
dC4CkAYnp7pvYBIe39JT 11 7
RKlXXQbeZl18Zgig0Qdb 12 7
YBsikpFw65Xur8XltIsx 13 7
urFch3xzcazJ30EXqkKn 14 7
FU2CyH1M0FKR8LpdiGRc 0 8
AzgWEXPo6ZNiuCXLHbKf 1 8
EPYSLm8hbV684BHjbHRE 2 8
yB5myqmZ3YDrauXhHfV1 3 8
3ZZR1QXMtFHicvJSs3Wo 4 8
OBwq04Ciq4BLfD1JEPtB 5 8
D4Y3cB4JcUvStBKytBqM 6 8
UrDJxctJCHrhPQPrAuZt 7 8
74F4HO2FjbtA3vJdBVZw 8 8
V4tLRXaIEduOSeRDSugc 9 8
OnEBZRZDMcpiv1Ptd1T2 10 8
ockrVHecZw6PMJHv1vO5 11 8
HvxDBf6Yl3p3NcfK46Ko 12 8
XXOjAbWYBk9q5eh9oeia 13 8
e21cbmcS7KBYzF88el1t 14 8
AzH8znz1wfA6HV3OMDqx 0 9
vTJ8KhaynKZh3X6FHkvo 1 9
FrCeSqxxU4G4zigmnx69 2 9
LuSNlRFSS7WTloNlbZr1 3 9
aoAosSRkYTjjdrqiqKx6 4 9
g6bSLeW8o2L73GcRybJe 5 9
JxkEBg8pRM7bUNNToXUj 6 9
AQAqYBVbQ5LA5MtPlQWh 7 9
mRNwb4rSKgbNOxCvyIz3 8 9
y4XdSjqF5vcUoGFSFP3j 9 9
Ow0eZ4BUmPdmq0BWXTkm 10 9
Hg6tdvxP0pAIb9xbVlIr 11 9
Y13m5ovE9b7JKd6fXkUx 12 9
hol3fu0GJ8GnYrrjEByi 13 9
VEsD7f8ktV8QceCfFykx 14 9
HX8rDHX7EpmE7Z0VuK3O 0 10
c6klqowBrSKjf4WyvFim 1 10
4aqbt45wt06a3yrzk6Wv 2 10
SsqTBQ2cBZf3aMBvqlHB 3 10
oL4ihuXiXPyTRC7ZIzKH 4 10
ABvJ4h6duEnzjL7QrzSM 5 10
stdCkgOUsXtVfrNsrX27 6 10
6QQEZfWqvn4vRWgY12ES 7 10
IWCHiNrDljSCxqZAEMLj 8 10
Nf4kkzK5bdFnhCx3SW7K 9 10
jX62bzuPvJt8cxbr0Ify 10 10
S5YPFtM1KHaTfcB4ovLz 11 10
M96pvM7p4e8gcRu0dGaH 12 10
gAjLOjXgUzCJ1DYTsn4t 13 10
ZcrOFmq7ykoLECgPlatu 14 10
Rm6fkoePlD520OeQ6Qtd 0 11
pdMU8NSIIYbvMWSb2k3N 1 11
lFymYaiAf9llQA2xuyxp 2 11
rlwqcbEWRrlc0PRN3nlw 3 11
iwD77fZ4hCkWwKWCuuaU 4 11
dc8puGcRvFvnUbayWI7W 5 11
y4o6nRp60slw4WirnEdT 6 11
kyxQRdgADqGM8QrTXtf1 7 11
mEwnMnOsYF6oZ2PDGB3k 8 11
PNRoGXCIrY487vivPGMc 9 11
meqNY2SCrbDLXFJ5xJ5v 10 11
NyJW2DSfggdXRQDMWG1v 11 11
vDvTIFgvXTDoRE0ICiNN 12 11
73IYaVan0axjRuUQib76 13 11
Z4t9ubzQ4OFLPoNtnbBl 14 11
QAxJiclYaAUbBG1NQXyw 0 12
Zo15p9L1y79S7zSdDJIb 1 12
UCA665xMiMbO3B9dfr0l 2 12
vN6Sb1aDQN5T8nhVsCiQ 3 12
EpWqyYjojZBwRrxbNpmY 4 12
pqpGfhxjMXlCkRSvwkzx 5 12
Ho8aTB7KvGImWEECVIh2 6 12
4pmP1Qo1UmvWQS929l6X 7 12
GZgwiDrnbtHWgx34x4Bz 8 12
P97jdRUm4aEZrV5L2vHz 9 12
Xarr3pJfINtNPfiAYTt7 10 12
KGmZ29ZYk4Kmrc9erG57 11 12
FZcIbV94o3GF4tEiI6sD 12 12
n3Zt6k3zQRj4pVYY1jYa 13 12
xsC3QDgWfx6KAq20Hn5a 14 12
KJEy5Wa484bJY8lz3hpL 0 13
uc6KkG9t1mhLrFb2yp1O 1 13
wOTPbjgJ5bDSGrjaBHiu 2 13
woGJGS6K0itfmDHKBVKb 3 13
C8Tjm0juFiNgV22JqUDe 4 13
vSjmcGwdGymh2DDmsEgc 5 13
5QP3RLt7U2PD0utb91Ca 6 13
gN6TyyBfnrrqqtixBmLL 7 13
QyV3oE5PzCqiSN2xIPxs 8 13
jwPsUPlQArwvgkBDBfbp 9 13
33E4TMeFPpI9OF8fPoD6 10 13
Zf9Qz7Vs7OWRncII5cbQ 11 13
wiCFkvTvM2BwilFv7LI8 12 13
KlX7fjtecKnEcbMvVqe2 13 13
DTllHdVSeBth1WJjW59E 14 13
NQ7tCNTIidDuiWc6bwyY 0 14
fVUSGVe5ac8kKRGHH1A2 1 14
0lZA0X85o5CDnQbhlWjC 2 14
FpBFZuSJHqlxrA6O26pX 3 14
t0YXKufLYQYIJWfdyrvE 4 14
9ZATNv7fCqUxw2t7gde5 5 14
MvAylURr1g1RWaGE7rII 6 14
DawhHrJTJ4VcxWVHck7P 7 14
WAdFO5kie6TrU5MPBLhx 8 14
ztxd7fEHwrd1z6Pmnlp0 9 14
umBSXisoOd1Qw8lQvHAl 10 14
dTM5G2wy5VucTLCcZ4sK 11 14
OFIjYsYAmyJFyJ4hDIZC 12 14
jdORw7o5tQOjwi7FUZfu 13 14
wZzDY7FTr1bwvpT6AGP6 14 14
fzxc0WG0lVAj6ATjjX2A-9VNFsfJ4qHLoGBufBRBH
fzxc0WG0lVAj6ATjjX2A-bwQ4YUInOGVfXYO2XleW
9VNFsfJ4qHLoGBufBRBH-NmNqfXqfK9Nxwuggw4mF
9VNFsfJ4qHLoGBufBRBH-RbjzwgnZRcxRhcckQQlP
NmNqfXqfK9Nxwuggw4mF-gqHSf71iezcBdjbEHKvr
NmNqfXqfK9Nxwuggw4mF-EutoNWWajJb4pssczxPD
gqHSf71iezcBdjbEHKvr-LK5t5pJqPyehHGCc0Fy6
gqHSf71iezcBdjbEHKvr-NwTtplfjV5Z9yBmzye88
LK5t5pJqPyehHGCc0Fy6-fV74lolx4OhLjzJCaRYs
LK5t5pJqPyehHGCc0Fy6-fNJe8BcXsqB6reMIm1Yy
fV74lolx4OhLjzJCaRYs-gZQKLSjEy4CZwcDVRab5
fV74lolx4OhLjzJCaRYs-BMjfiNlSUTIn5yMpo9Eo
gZQKLSjEy4CZwcDVRab5-y965CSUrp2649VOR3g7q
gZQKLSjEy4CZwcDVRab5-Mwqx4EQ3CR1Nxs6OX1ur
y965CSUrp2649VOR3g7q-LY34AAQWygqUNk06ONHx
y965CSUrp2649VOR3g7q-Od6HsY0vPf68SR1HEuz0
LY34AAQWygqUNk06ONHx-BBKNLvwJByKkPJnkGR7Q
LY34AAQWygqUNk06ONHx-lFgmXLFd0Llfiatep167
BBKNLvwJByKkPJnkGR7Q-0B0MwbPNRB7BJI6dqpRz
BBKNLvwJByKkPJnkGR7Q-f4PrLbGyikugyYqj21mD
0B0MwbPNRB7BJI6dqpRz-1glsXJsDClAyQ67Rr71R
0B0MwbPNRB7BJI6dqpRz-BcDzQx3TuSgN1cZv0t1P
1glsXJsDClAyQ67Rr71R-83pEVYSS5RyWOLZLVXDS
1glsXJsDClAyQ67Rr71R-VfQi6PAtvZNE82NL2s3V
83pEVYSS5RyWOLZLVXDS-Z7h6HJk0tJBfIewjUiks
83pEVYSS5RyWOLZLVXDS-zQ3tNpGkDaDJimCgvC4N
Z7h6HJk0tJBfIewjUiks-8qojmZ4HUXbH5Xp338Xs
Z7h6HJk0tJBfIewjUiks-8uvOQ6cVZZa6XEOrULyU
8qojmZ4HUXbH5Xp338Xs-bwQ4YUInOGVfXYO2XleW
8qojmZ4HUXbH5Xp338Xs-0ejDSxH6oUB3p6HY2B3b
bwQ4YUInOGVfXYO2XleW-RbjzwgnZRcxRhcckQQlP
bwQ4YUInOGVfXYO2XleW-ZZ33FWhRRb8ly1uTe6N6
RbjzwgnZRcxRhcckQQlP-EutoNWWajJb4pssczxPD
RbjzwgnZRcxRhcckQQlP-APzGtIlTrtme3SklXz1Y
EutoNWWajJb4pssczxPD-NwTtplfjV5Z9yBmzye88
EutoNWWajJb4pssczxPD-ZRhR1ci1a1dL1jKfpK0a
NwTtplfjV5Z9yBmzye88-fNJe8BcXsqB6reMIm1Yy
NwTtplfjV5Z9yBmzye88-TGU3gtFMtJRWX5UwO3XE
fNJe8BcXsqB6reMIm1Yy-BMjfiNlSUTIn5yMpo9Eo
fNJe8BcXsqB6reMIm1Yy-DDDu6HvGFsQv7khFC4Re
BMjfiNlSUTIn5yMpo9Eo-Mwqx4EQ3CR1Nxs6OX1ur
BMjfiNlSUTIn5yMpo9Eo-KwSvVkl4xLzcOtcSFR3J
Mwqx4EQ3CR1Nxs6OX1ur-Od6HsY0vPf68SR1HEuz0
Mwqx4EQ3CR1Nxs6OX1ur-lxKYhvVuOltTOfEVaPFA
Od6HsY0vPf68SR1HEuz0-lFgmXLFd0Llfiatep167
Od6HsY0vPf68SR1HEuz0-jE8h826U2nB3TanCfbV4
lFgmXLFd0Llfiatep167-f4PrLbGyikugyYqj21mD
lFgmXLFd0Llfiatep167-gkMxXvs6tWn9ImfyZUyw
f4PrLbGyikugyYqj21mD-BcDzQx3TuSgN1cZv0t1P
f4PrLbGyikugyYqj21mD-K6ACYjJrzrZHxgkJH5tw
BcDzQx3TuSgN1cZv0t1P-VfQi6PAtvZNE82NL2s3V
BcDzQx3TuSgN1cZv0t1P-rNLA8jOUNPHY1nsYP2Eg
VfQi6PAtvZNE82NL2s3V-zQ3tNpGkDaDJimCgvC4N
VfQi6PAtvZNE82NL2s3V-Uo0WG6RvYHruejSBt3h1
zQ3tNpGkDaDJimCgvC4N-8uvOQ6cVZZa6XEOrULyU
zQ3tNpGkDaDJimCgvC4N-3Bw6n8uORcGqeAXRIKUH
8uvOQ6cVZZa6XEOrULyU-0ejDSxH6oUB3p6HY2B3b
8uvOQ6cVZZa6XEOrULyU-ovZVk9kmua5PM8NofeJE
0ejDSxH6oUB3p6HY2B3b-ZZ33FWhRRb8ly1uTe6N6
0ejDSxH6oUB3p6HY2B3b-MBFffU3n3o91ZGHB62VF
ZZ33FWhRRb8ly1uTe6N6-APzGtIlTrtme3SklXz1Y
ZZ33FWhRRb8ly1uTe6N6-Ikm7EzqRkUCVlwVAFNkg
APzGtIlTrtme3SklXz1Y-ZRhR1ci1a1dL1jKfpK0a
APzGtIlTrtme3SklXz1Y-CekPeBOhgB6cqYgoruzC
ZRhR1ci1a1dL1jKfpK0a-TGU3gtFMtJRWX5UwO3XE
ZRhR1ci1a1dL1jKfpK0a-pvoTg4fsIH3zFuL9pNMo
TGU3gtFMtJRWX5UwO3XE-DDDu6HvGFsQv7khFC4Re
TGU3gtFMtJRWX5UwO3XE-2016Wtb2pAvxeVQvXRL9
DDDu6HvGFsQv7khFC4Re-KwSvVkl4xLzcOtcSFR3J
DDDu6HvGFsQv7khFC4Re-MuNh44MojT1G2B6d8fva
KwSvVkl4xLzcOtcSFR3J-lxKYhvVuOltTOfEVaPFA
KwSvVkl4xLzcOtcSFR3J-fnssGn2mwEEfvJOurxLI
lxKYhvVuOltTOfEVaPFA-jE8h826U2nB3TanCfbV4
lxKYhvVuOltTOfEVaPFA-H8gpAKMYXj81CyTMaecg
jE8h826U2nB3TanCfbV4-gkMxXvs6tWn9ImfyZUyw
jE8h826U2nB3TanCfbV4-kaoDrXhZ4hr6e84NcGv0
gkMxXvs6tWn9ImfyZUyw-K6ACYjJrzrZHxgkJH5tw
gkMxXvs6tWn9ImfyZUyw-VNlwU5RVSVDgPmQGioCT
K6ACYjJrzrZHxgkJH5tw-rNLA8jOUNPHY1nsYP2Eg
K6ACYjJrzrZHxgkJH5tw-JS6TXMh6mWrmibgWJWnH
rNLA8jOUNPHY1nsYP2Eg-Uo0WG6RvYHruejSBt3h1
rNLA8jOUNPHY1nsYP2Eg-b6a0RTJmjaOg2idwjW7b
Uo0WG6RvYHruejSBt3h1-3Bw6n8uORcGqeAXRIKUH
Uo0WG6RvYHruejSBt3h1-41xdqTC1KXZbFzx6o2Av
3Bw6n8uORcGqeAXRIKUH-ovZVk9kmua5PM8NofeJE
3Bw6n8uORcGqeAXRIKUH-PSgT8I62FKqARGClGzKd
ovZVk9kmua5PM8NofeJE-MBFffU3n3o91ZGHB62VF
ovZVk9kmua5PM8NofeJE-oQIcM0lysjKldIrfF05P
MBFffU3n3o91ZGHB62VF-Ikm7EzqRkUCVlwVAFNkg
MBFffU3n3o91ZGHB62VF-lL1ssE8MQrVq3zC47BoX
Ikm7EzqRkUCVlwVAFNkg-CekPeBOhgB6cqYgoruzC
Ikm7EzqRkUCVlwVAFNkg-No2lo5lrZUGDSrofFud4
CekPeBOhgB6cqYgoruzC-pvoTg4fsIH3zFuL9pNMo
CekPeBOhgB6cqYgoruzC-P9lD7RIPhGLXUWTyqdnE
pvoTg4fsIH3zFuL9pNMo-2016Wtb2pAvxeVQvXRL9
pvoTg4fsIH3zFuL9pNMo-hCxQQO4TIP8TvxVOUsBT
2016Wtb2pAvxeVQvXRL9-MuNh44MojT1G2B6d8fva
2016Wtb2pAvxeVQvXRL9-wibcemdV7EWsjap8SrJm
MuNh44MojT1G2B6d8fva-fnssGn2mwEEfvJOurxLI
MuNh44MojT1G2B6d8fva-cKBXUr2XmkbPUoejZnNK
fnssGn2mwEEfvJOurxLI-H8gpAKMYXj81CyTMaecg
fnssGn2mwEEfvJOurxLI-Jq3pvpaksljPEyiSMo9R
H8gpAKMYXj81CyTMaecg-kaoDrXhZ4hr6e84NcGv0
H8gpAKMYXj81CyTMaecg-ZfjdB5kAvREPwjU5ORC1
kaoDrXhZ4hr6e84NcGv0-VNlwU5RVSVDgPmQGioCT
kaoDrXhZ4hr6e84NcGv0-KEpNK8rQ8v7FyyE2Dqtk
VNlwU5RVSVDgPmQGioCT-JS6TXMh6mWrmibgWJWnH
VNlwU5RVSVDgPmQGioCT-RD2sgCgV5qiDbosFIvns
JS6TXMh6mWrmibgWJWnH-b6a0RTJmjaOg2idwjW7b
JS6TXMh6mWrmibgWJWnH-xnn53iUcUjOv3yU9i4Bk
b6a0RTJmjaOg2idwjW7b-41xdqTC1KXZbFzx6o2Av
b6a0RTJmjaOg2idwjW7b-W8E5gT1EKMrP7kJS36co
41xdqTC1KXZbFzx6o2Av-PSgT8I62FKqARGClGzKd
41xdqTC1KXZbFzx6o2Av-gRln4Rmt7XK7gBB0b5uB
PSgT8I62FKqARGClGzKd-oQIcM0lysjKldIrfF05P
PSgT8I62FKqARGClGzKd-ZrYiIDXEsp7nPHODCnqA
oQIcM0lysjKldIrfF05P-lL1ssE8MQrVq3zC47BoX
oQIcM0lysjKldIrfF05P-3wchCWTvaXKpw0MAdoD2
lL1ssE8MQrVq3zC47BoX-No2lo5lrZUGDSrofFud4
lL1ssE8MQrVq3zC47BoX-IuLnL1lOsTZjvkXahho8
No2lo5lrZUGDSrofFud4-P9lD7RIPhGLXUWTyqdnE
No2lo5lrZUGDSrofFud4-SHpAdgk5UB8aYJRBQtaU
P9lD7RIPhGLXUWTyqdnE-hCxQQO4TIP8TvxVOUsBT
P9lD7RIPhGLXUWTyqdnE-rRiwVhUJq7rFVsCPBKca
hCxQQO4TIP8TvxVOUsBT-wibcemdV7EWsjap8SrJm
hCxQQO4TIP8TvxVOUsBT-j9WCVDzMCBGz6ZyV1I8I
wibcemdV7EWsjap8SrJm-cKBXUr2XmkbPUoejZnNK
wibcemdV7EWsjap8SrJm-ShnMjmJwLiq5lfORSRhM
cKBXUr2XmkbPUoejZnNK-Jq3pvpaksljPEyiSMo9R
cKBXUr2XmkbPUoejZnNK-qrAicjRzFg1hglbbiEbe
Jq3pvpaksljPEyiSMo9R-ZfjdB5kAvREPwjU5ORC1
Jq3pvpaksljPEyiSMo9R-PRJnYysG6NZBqQAJeZrE
ZfjdB5kAvREPwjU5ORC1-KEpNK8rQ8v7FyyE2Dqtk
ZfjdB5kAvREPwjU5ORC1-wFOxJXsLTBYflIZgWrRH
KEpNK8rQ8v7FyyE2Dqtk-RD2sgCgV5qiDbosFIvns
KEpNK8rQ8v7FyyE2Dqtk-eDpOgkb7KhWi1Aly8eWW
RD2sgCgV5qiDbosFIvns-xnn53iUcUjOv3yU9i4Bk
RD2sgCgV5qiDbosFIvns-ygDRDlIEMtTL2uP8jj9H
xnn53iUcUjOv3yU9i4Bk-W8E5gT1EKMrP7kJS36co
xnn53iUcUjOv3yU9i4Bk-63TNH1JBv0kGvd6eFmEN
W8E5gT1EKMrP7kJS36co-gRln4Rmt7XK7gBB0b5uB
W8E5gT1EKMrP7kJS36co-V73bHaxQ2mGnfz9dJ7yo
gRln4Rmt7XK7gBB0b5uB-ZrYiIDXEsp7nPHODCnqA
gRln4Rmt7XK7gBB0b5uB-yA3vJud7loxaU67ek8P5
ZrYiIDXEsp7nPHODCnqA-3wchCWTvaXKpw0MAdoD2
ZrYiIDXEsp7nPHODCnqA-OiPflFl64shpWVrzRHe7
3wchCWTvaXKpw0MAdoD2-IuLnL1lOsTZjvkXahho8
3wchCWTvaXKpw0MAdoD2-YN9TvG0SfSG7Rp9NNFO6
IuLnL1lOsTZjvkXahho8-SHpAdgk5UB8aYJRBQtaU
IuLnL1lOsTZjvkXahho8-lOQdvKvgiml3dwwSK3KS
SHpAdgk5UB8aYJRBQtaU-rRiwVhUJq7rFVsCPBKca
SHpAdgk5UB8aYJRBQtaU-UGlwUEpzqM8O8lQOsFhQ
rRiwVhUJq7rFVsCPBKca-j9WCVDzMCBGz6ZyV1I8I
rRiwVhUJq7rFVsCPBKca-5bZVBtVZYWz4N2kuipfI
j9WCVDzMCBGz6ZyV1I8I-ShnMjmJwLiq5lfORSRhM
j9WCVDzMCBGz6ZyV1I8I-9AmCU0qhJgxnNQj0IDxy
ShnMjmJwLiq5lfORSRhM-qrAicjRzFg1hglbbiEbe
ShnMjmJwLiq5lfORSRhM-Au0WtVDTD9E4xLSN4We0
qrAicjRzFg1hglbbiEbe-PRJnYysG6NZBqQAJeZrE
qrAicjRzFg1hglbbiEbe-nDZZLueyrb7nW8gEoVqi
PRJnYysG6NZBqQAJeZrE-wFOxJXsLTBYflIZgWrRH
PRJnYysG6NZBqQAJeZrE-fMVECYbvhMuQPyHilO86
wFOxJXsLTBYflIZgWrRH-eDpOgkb7KhWi1Aly8eWW
wFOxJXsLTBYflIZgWrRH-teUcv5G451x8iemBC05U
eDpOgkb7KhWi1Aly8eWW-ygDRDlIEMtTL2uP8jj9H
eDpOgkb7KhWi1Aly8eWW-f9H4Bjp51BUCVXtjXd5t
ygDRDlIEMtTL2uP8jj9H-63TNH1JBv0kGvd6eFmEN
ygDRDlIEMtTL2uP8jj9H-M6f5Y105RWMWzuAZZqJK
63TNH1JBv0kGvd6eFmEN-V73bHaxQ2mGnfz9dJ7yo
63TNH1JBv0kGvd6eFmEN-XrMdCq4DHPb1EEyBZBqw
V73bHaxQ2mGnfz9dJ7yo-yA3vJud7loxaU67ek8P5
V73bHaxQ2mGnfz9dJ7yo-tvbCxAa6EUIXgMXliSlv
yA3vJud7loxaU67ek8P5-OiPflFl64shpWVrzRHe7
yA3vJud7loxaU67ek8P5-0upWHT3TLoPlAMxib0Fe
OiPflFl64shpWVrzRHe7-YN9TvG0SfSG7Rp9NNFO6
OiPflFl64shpWVrzRHe7-VCvtlmeVUWENLcCUzVNC
YN9TvG0SfSG7Rp9NNFO6-lOQdvKvgiml3dwwSK3KS
YN9TvG0SfSG7Rp9NNFO6-4F1uMnzLx1ILFvkkw34g
lOQdvKvgiml3dwwSK3KS-UGlwUEpzqM8O8lQOsFhQ
lOQdvKvgiml3dwwSK3KS-ZX7t626n2Xw7XD4v3laa
UGlwUEpzqM8O8lQOsFhQ-5bZVBtVZYWz4N2kuipfI
UGlwUEpzqM8O8lQOsFhQ-AkxFDbnSQH4Sby3xr4Db
5bZVBtVZYWz4N2kuipfI-9AmCU0qhJgxnNQj0IDxy
5bZVBtVZYWz4N2kuipfI-edIpv8YRuG5rCyxBrU9G
9AmCU0qhJgxnNQj0IDxy-Au0WtVDTD9E4xLSN4We0
9AmCU0qhJgxnNQj0IDxy-X0cS0uzQYNivNhybmuaT
Au0WtVDTD9E4xLSN4We0-nDZZLueyrb7nW8gEoVqi
Au0WtVDTD9E4xLSN4We0-I0Vi1iRuJXmmDjvFchuc
nDZZLueyrb7nW8gEoVqi-fMVECYbvhMuQPyHilO86
nDZZLueyrb7nW8gEoVqi-Y5PkhQ3EMvJNMY64YzBR
fMVECYbvhMuQPyHilO86-teUcv5G451x8iemBC05U
fMVECYbvhMuQPyHilO86-wxIMcDRRDWQi513AEQjJ
teUcv5G451x8iemBC05U-f9H4Bjp51BUCVXtjXd5t
teUcv5G451x8iemBC05U-eNXjYS1ILH8SyaL6Umz0
f9H4Bjp51BUCVXtjXd5t-M6f5Y105RWMWzuAZZqJK
f9H4Bjp51BUCVXtjXd5t-cr2cYwpesuVuWxMwWaaj
M6f5Y105RWMWzuAZZqJK-XrMdCq4DHPb1EEyBZBqw
M6f5Y105RWMWzuAZZqJK-xXglwI8WktBo5gdsR8bP
XrMdCq4DHPb1EEyBZBqw-tvbCxAa6EUIXgMXliSlv
XrMdCq4DHPb1EEyBZBqw-TH7dAHs3XjfJLsG1eNv7
tvbCxAa6EUIXgMXliSlv-0upWHT3TLoPlAMxib0Fe
tvbCxAa6EUIXgMXliSlv-cNSWhEzry7DAYJXXdrh8
0upWHT3TLoPlAMxib0Fe-VCvtlmeVUWENLcCUzVNC
0upWHT3TLoPlAMxib0Fe-dC4CkAYnp7pvYBIe39JT
VCvtlmeVUWENLcCUzVNC-4F1uMnzLx1ILFvkkw34g
VCvtlmeVUWENLcCUzVNC-RKlXXQbeZl18Zgig0Qdb
4F1uMnzLx1ILFvkkw34g-ZX7t626n2Xw7XD4v3laa
4F1uMnzLx1ILFvkkw34g-YBsikpFw65Xur8XltIsx
ZX7t626n2Xw7XD4v3laa-AkxFDbnSQH4Sby3xr4Db
ZX7t626n2Xw7XD4v3laa-urFch3xzcazJ30EXqkKn
AkxFDbnSQH4Sby3xr4Db-edIpv8YRuG5rCyxBrU9G
AkxFDbnSQH4Sby3xr4Db-FU2CyH1M0FKR8LpdiGRc
edIpv8YRuG5rCyxBrU9G-X0cS0uzQYNivNhybmuaT
edIpv8YRuG5rCyxBrU9G-AzgWEXPo6ZNiuCXLHbKf
X0cS0uzQYNivNhybmuaT-I0Vi1iRuJXmmDjvFchuc
X0cS0uzQYNivNhybmuaT-EPYSLm8hbV684BHjbHRE
I0Vi1iRuJXmmDjvFchuc-Y5PkhQ3EMvJNMY64YzBR
I0Vi1iRuJXmmDjvFchuc-yB5myqmZ3YDrauXhHfV1
Y5PkhQ3EMvJNMY64YzBR-wxIMcDRRDWQi513AEQjJ
Y5PkhQ3EMvJNMY64YzBR-3ZZR1QXMtFHicvJSs3Wo
wxIMcDRRDWQi513AEQjJ-eNXjYS1ILH8SyaL6Umz0
wxIMcDRRDWQi513AEQjJ-OBwq04Ciq4BLfD1JEPtB
eNXjYS1ILH8SyaL6Umz0-cr2cYwpesuVuWxMwWaaj
eNXjYS1ILH8SyaL6Umz0-D4Y3cB4JcUvStBKytBqM
cr2cYwpesuVuWxMwWaaj-xXglwI8WktBo5gdsR8bP
cr2cYwpesuVuWxMwWaaj-UrDJxctJCHrhPQPrAuZt
xXglwI8WktBo5gdsR8bP-TH7dAHs3XjfJLsG1eNv7
xXglwI8WktBo5gdsR8bP-74F4HO2FjbtA3vJdBVZw
TH7dAHs3XjfJLsG1eNv7-cNSWhEzry7DAYJXXdrh8
TH7dAHs3XjfJLsG1eNv7-V4tLRXaIEduOSeRDSugc
cNSWhEzry7DAYJXXdrh8-dC4CkAYnp7pvYBIe39JT
cNSWhEzry7DAYJXXdrh8-OnEBZRZDMcpiv1Ptd1T2
dC4CkAYnp7pvYBIe39JT-RKlXXQbeZl18Zgig0Qdb
dC4CkAYnp7pvYBIe39JT-ockrVHecZw6PMJHv1vO5
RKlXXQbeZl18Zgig0Qdb-YBsikpFw65Xur8XltIsx
RKlXXQbeZl18Zgig0Qdb-HvxDBf6Yl3p3NcfK46Ko
YBsikpFw65Xur8XltIsx-urFch3xzcazJ30EXqkKn
YBsikpFw65Xur8XltIsx-XXOjAbWYBk9q5eh9oeia
urFch3xzcazJ30EXqkKn-FU2CyH1M0FKR8LpdiGRc
urFch3xzcazJ30EXqkKn-e21cbmcS7KBYzF88el1t
FU2CyH1M0FKR8LpdiGRc-AzgWEXPo6ZNiuCXLHbKf
FU2CyH1M0FKR8LpdiGRc-AzH8znz1wfA6HV3OMDqx
AzgWEXPo6ZNiuCXLHbKf-EPYSLm8hbV684BHjbHRE
AzgWEXPo6ZNiuCXLHbKf-vTJ8KhaynKZh3X6FHkvo
EPYSLm8hbV684BHjbHRE-yB5myqmZ3YDrauXhHfV1
EPYSLm8hbV684BHjbHRE-FrCeSqxxU4G4zigmnx69
yB5myqmZ3YDrauXhHfV1-3ZZR1QXMtFHicvJSs3Wo
yB5myqmZ3YDrauXhHfV1-LuSNlRFSS7WTloNlbZr1
3ZZR1QXMtFHicvJSs3Wo-OBwq04Ciq4BLfD1JEPtB
3ZZR1QXMtFHicvJSs3Wo-aoAosSRkYTjjdrqiqKx6
OBwq04Ciq4BLfD1JEPtB-D4Y3cB4JcUvStBKytBqM
OBwq04Ciq4BLfD1JEPtB-g6bSLeW8o2L73GcRybJe
D4Y3cB4JcUvStBKytBqM-UrDJxctJCHrhPQPrAuZt
D4Y3cB4JcUvStBKytBqM-JxkEBg8pRM7bUNNToXUj
UrDJxctJCHrhPQPrAuZt-74F4HO2FjbtA3vJdBVZw
UrDJxctJCHrhPQPrAuZt-AQAqYBVbQ5LA5MtPlQWh
74F4HO2FjbtA3vJdBVZw-V4tLRXaIEduOSeRDSugc
74F4HO2FjbtA3vJdBVZw-mRNwb4rSKgbNOxCvyIz3
V4tLRXaIEduOSeRDSugc-OnEBZRZDMcpiv1Ptd1T2
V4tLRXaIEduOSeRDSugc-y4XdSjqF5vcUoGFSFP3j
OnEBZRZDMcpiv1Ptd1T2-ockrVHecZw6PMJHv1vO5
OnEBZRZDMcpiv1Ptd1T2-Ow0eZ4BUmPdmq0BWXTkm
ockrVHecZw6PMJHv1vO5-HvxDBf6Yl3p3NcfK46Ko
ockrVHecZw6PMJHv1vO5-Hg6tdvxP0pAIb9xbVlIr
HvxDBf6Yl3p3NcfK46Ko-XXOjAbWYBk9q5eh9oeia
HvxDBf6Yl3p3NcfK46Ko-Y13m5ovE9b7JKd6fXkUx
XXOjAbWYBk9q5eh9oeia-e21cbmcS7KBYzF88el1t
XXOjAbWYBk9q5eh9oeia-hol3fu0GJ8GnYrrjEByi
e21cbmcS7KBYzF88el1t-AzH8znz1wfA6HV3OMDqx
e21cbmcS7KBYzF88el1t-VEsD7f8ktV8QceCfFykx
AzH8znz1wfA6HV3OMDqx-vTJ8KhaynKZh3X6FHkvo
AzH8znz1wfA6HV3OMDqx-HX8rDHX7EpmE7Z0VuK3O
vTJ8KhaynKZh3X6FHkvo-FrCeSqxxU4G4zigmnx69
vTJ8KhaynKZh3X6FHkvo-c6klqowBrSKjf4WyvFim
FrCeSqxxU4G4zigmnx69-LuSNlRFSS7WTloNlbZr1
FrCeSqxxU4G4zigmnx69-4aqbt45wt06a3yrzk6Wv
LuSNlRFSS7WTloNlbZr1-aoAosSRkYTjjdrqiqKx6
LuSNlRFSS7WTloNlbZr1-SsqTBQ2cBZf3aMBvqlHB
aoAosSRkYTjjdrqiqKx6-g6bSLeW8o2L73GcRybJe
aoAosSRkYTjjdrqiqKx6-oL4ihuXiXPyTRC7ZIzKH
g6bSLeW8o2L73GcRybJe-JxkEBg8pRM7bUNNToXUj
g6bSLeW8o2L73GcRybJe-ABvJ4h6duEnzjL7QrzSM
JxkEBg8pRM7bUNNToXUj-AQAqYBVbQ5LA5MtPlQWh
JxkEBg8pRM7bUNNToXUj-stdCkgOUsXtVfrNsrX27
AQAqYBVbQ5LA5MtPlQWh-mRNwb4rSKgbNOxCvyIz3
AQAqYBVbQ5LA5MtPlQWh-6QQEZfWqvn4vRWgY12ES
mRNwb4rSKgbNOxCvyIz3-y4XdSjqF5vcUoGFSFP3j
mRNwb4rSKgbNOxCvyIz3-IWCHiNrDljSCxqZAEMLj
y4XdSjqF5vcUoGFSFP3j-Ow0eZ4BUmPdmq0BWXTkm
y4XdSjqF5vcUoGFSFP3j-Nf4kkzK5bdFnhCx3SW7K
Ow0eZ4BUmPdmq0BWXTkm-Hg6tdvxP0pAIb9xbVlIr
Ow0eZ4BUmPdmq0BWXTkm-jX62bzuPvJt8cxbr0Ify
Hg6tdvxP0pAIb9xbVlIr-Y13m5ovE9b7JKd6fXkUx
Hg6tdvxP0pAIb9xbVlIr-S5YPFtM1KHaTfcB4ovLz
Y13m5ovE9b7JKd6fXkUx-hol3fu0GJ8GnYrrjEByi
Y13m5ovE9b7JKd6fXkUx-M96pvM7p4e8gcRu0dGaH
hol3fu0GJ8GnYrrjEByi-VEsD7f8ktV8QceCfFykx
hol3fu0GJ8GnYrrjEByi-gAjLOjXgUzCJ1DYTsn4t
VEsD7f8ktV8QceCfFykx-HX8rDHX7EpmE7Z0VuK3O
VEsD7f8ktV8QceCfFykx-ZcrOFmq7ykoLECgPlatu
HX8rDHX7EpmE7Z0VuK3O-c6klqowBrSKjf4WyvFim
HX8rDHX7EpmE7Z0VuK3O-Rm6fkoePlD520OeQ6Qtd
c6klqowBrSKjf4WyvFim-4aqbt45wt06a3yrzk6Wv
c6klqowBrSKjf4WyvFim-pdMU8NSIIYbvMWSb2k3N
4aqbt45wt06a3yrzk6Wv-SsqTBQ2cBZf3aMBvqlHB
4aqbt45wt06a3yrzk6Wv-lFymYaiAf9llQA2xuyxp
SsqTBQ2cBZf3aMBvqlHB-oL4ihuXiXPyTRC7ZIzKH
SsqTBQ2cBZf3aMBvqlHB-rlwqcbEWRrlc0PRN3nlw
oL4ihuXiXPyTRC7ZIzKH-ABvJ4h6duEnzjL7QrzSM
oL4ihuXiXPyTRC7ZIzKH-iwD77fZ4hCkWwKWCuuaU
ABvJ4h6duEnzjL7QrzSM-stdCkgOUsXtVfrNsrX27
ABvJ4h6duEnzjL7QrzSM-dc8puGcRvFvnUbayWI7W
stdCkgOUsXtVfrNsrX27-6QQEZfWqvn4vRWgY12ES
stdCkgOUsXtVfrNsrX27-y4o6nRp60slw4WirnEdT
6QQEZfWqvn4vRWgY12ES-IWCHiNrDljSCxqZAEMLj
6QQEZfWqvn4vRWgY12ES-kyxQRdgADqGM8QrTXtf1
IWCHiNrDljSCxqZAEMLj-Nf4kkzK5bdFnhCx3SW7K
IWCHiNrDljSCxqZAEMLj-mEwnMnOsYF6oZ2PDGB3k
Nf4kkzK5bdFnhCx3SW7K-jX62bzuPvJt8cxbr0Ify
Nf4kkzK5bdFnhCx3SW7K-PNRoGXCIrY487vivPGMc
jX62bzuPvJt8cxbr0Ify-S5YPFtM1KHaTfcB4ovLz
jX62bzuPvJt8cxbr0Ify-meqNY2SCrbDLXFJ5xJ5v
S5YPFtM1KHaTfcB4ovLz-M96pvM7p4e8gcRu0dGaH
S5YPFtM1KHaTfcB4ovLz-NyJW2DSfggdXRQDMWG1v
M96pvM7p4e8gcRu0dGaH-gAjLOjXgUzCJ1DYTsn4t
M96pvM7p4e8gcRu0dGaH-vDvTIFgvXTDoRE0ICiNN
gAjLOjXgUzCJ1DYTsn4t-ZcrOFmq7ykoLECgPlatu
gAjLOjXgUzCJ1DYTsn4t-73IYaVan0axjRuUQib76
ZcrOFmq7ykoLECgPlatu-Rm6fkoePlD520OeQ6Qtd
ZcrOFmq7ykoLECgPlatu-Z4t9ubzQ4OFLPoNtnbBl
Rm6fkoePlD520OeQ6Qtd-pdMU8NSIIYbvMWSb2k3N
Rm6fkoePlD520OeQ6Qtd-QAxJiclYaAUbBG1NQXyw
pdMU8NSIIYbvMWSb2k3N-lFymYaiAf9llQA2xuyxp
pdMU8NSIIYbvMWSb2k3N-Zo15p9L1y79S7zSdDJIb
lFymYaiAf9llQA2xuyxp-rlwqcbEWRrlc0PRN3nlw
lFymYaiAf9llQA2xuyxp-UCA665xMiMbO3B9dfr0l
rlwqcbEWRrlc0PRN3nlw-iwD77fZ4hCkWwKWCuuaU
rlwqcbEWRrlc0PRN3nlw-vN6Sb1aDQN5T8nhVsCiQ
iwD77fZ4hCkWwKWCuuaU-dc8puGcRvFvnUbayWI7W
iwD77fZ4hCkWwKWCuuaU-EpWqyYjojZBwRrxbNpmY
dc8puGcRvFvnUbayWI7W-y4o6nRp60slw4WirnEdT
dc8puGcRvFvnUbayWI7W-pqpGfhxjMXlCkRSvwkzx
y4o6nRp60slw4WirnEdT-kyxQRdgADqGM8QrTXtf1
y4o6nRp60slw4WirnEdT-Ho8aTB7KvGImWEECVIh2
kyxQRdgADqGM8QrTXtf1-mEwnMnOsYF6oZ2PDGB3k
kyxQRdgADqGM8QrTXtf1-4pmP1Qo1UmvWQS929l6X
mEwnMnOsYF6oZ2PDGB3k-PNRoGXCIrY487vivPGMc
mEwnMnOsYF6oZ2PDGB3k-GZgwiDrnbtHWgx34x4Bz
PNRoGXCIrY487vivPGMc-meqNY2SCrbDLXFJ5xJ5v
PNRoGXCIrY487vivPGMc-P97jdRUm4aEZrV5L2vHz
meqNY2SCrbDLXFJ5xJ5v-NyJW2DSfggdXRQDMWG1v
meqNY2SCrbDLXFJ5xJ5v-Xarr3pJfINtNPfiAYTt7
NyJW2DSfggdXRQDMWG1v-vDvTIFgvXTDoRE0ICiNN
NyJW2DSfggdXRQDMWG1v-KGmZ29ZYk4Kmrc9erG57
vDvTIFgvXTDoRE0ICiNN-73IYaVan0axjRuUQib76
vDvTIFgvXTDoRE0ICiNN-FZcIbV94o3GF4tEiI6sD
73IYaVan0axjRuUQib76-Z4t9ubzQ4OFLPoNtnbBl
73IYaVan0axjRuUQib76-n3Zt6k3zQRj4pVYY1jYa
Z4t9ubzQ4OFLPoNtnbBl-QAxJiclYaAUbBG1NQXyw
Z4t9ubzQ4OFLPoNtnbBl-xsC3QDgWfx6KAq20Hn5a
QAxJiclYaAUbBG1NQXyw-Zo15p9L1y79S7zSdDJIb
QAxJiclYaAUbBG1NQXyw-KJEy5Wa484bJY8lz3hpL
Zo15p9L1y79S7zSdDJIb-UCA665xMiMbO3B9dfr0l
Zo15p9L1y79S7zSdDJIb-uc6KkG9t1mhLrFb2yp1O
UCA665xMiMbO3B9dfr0l-vN6Sb1aDQN5T8nhVsCiQ
UCA665xMiMbO3B9dfr0l-wOTPbjgJ5bDSGrjaBHiu
vN6Sb1aDQN5T8nhVsCiQ-EpWqyYjojZBwRrxbNpmY
vN6Sb1aDQN5T8nhVsCiQ-woGJGS6K0itfmDHKBVKb
EpWqyYjojZBwRrxbNpmY-pqpGfhxjMXlCkRSvwkzx
EpWqyYjojZBwRrxbNpmY-C8Tjm0juFiNgV22JqUDe
pqpGfhxjMXlCkRSvwkzx-Ho8aTB7KvGImWEECVIh2
pqpGfhxjMXlCkRSvwkzx-vSjmcGwdGymh2DDmsEgc
Ho8aTB7KvGImWEECVIh2-4pmP1Qo1UmvWQS929l6X
Ho8aTB7KvGImWEECVIh2-5QP3RLt7U2PD0utb91Ca
4pmP1Qo1UmvWQS929l6X-GZgwiDrnbtHWgx34x4Bz
4pmP1Qo1UmvWQS929l6X-gN6TyyBfnrrqqtixBmLL
GZgwiDrnbtHWgx34x4Bz-P97jdRUm4aEZrV5L2vHz
GZgwiDrnbtHWgx34x4Bz-QyV3oE5PzCqiSN2xIPxs
P97jdRUm4aEZrV5L2vHz-Xarr3pJfINtNPfiAYTt7
P97jdRUm4aEZrV5L2vHz-jwPsUPlQArwvgkBDBfbp
Xarr3pJfINtNPfiAYTt7-KGmZ29ZYk4Kmrc9erG57
Xarr3pJfINtNPfiAYTt7-33E4TMeFPpI9OF8fPoD6
KGmZ29ZYk4Kmrc9erG57-FZcIbV94o3GF4tEiI6sD
KGmZ29ZYk4Kmrc9erG57-Zf9Qz7Vs7OWRncII5cbQ
FZcIbV94o3GF4tEiI6sD-n3Zt6k3zQRj4pVYY1jYa
FZcIbV94o3GF4tEiI6sD-wiCFkvTvM2BwilFv7LI8
n3Zt6k3zQRj4pVYY1jYa-xsC3QDgWfx6KAq20Hn5a
n3Zt6k3zQRj4pVYY1jYa-KlX7fjtecKnEcbMvVqe2
xsC3QDgWfx6KAq20Hn5a-KJEy5Wa484bJY8lz3hpL
xsC3QDgWfx6KAq20Hn5a-DTllHdVSeBth1WJjW59E
KJEy5Wa484bJY8lz3hpL-uc6KkG9t1mhLrFb2yp1O
KJEy5Wa484bJY8lz3hpL-NQ7tCNTIidDuiWc6bwyY
uc6KkG9t1mhLrFb2yp1O-wOTPbjgJ5bDSGrjaBHiu
uc6KkG9t1mhLrFb2yp1O-fVUSGVe5ac8kKRGHH1A2
wOTPbjgJ5bDSGrjaBHiu-woGJGS6K0itfmDHKBVKb
wOTPbjgJ5bDSGrjaBHiu-0lZA0X85o5CDnQbhlWjC
woGJGS6K0itfmDHKBVKb-C8Tjm0juFiNgV22JqUDe
woGJGS6K0itfmDHKBVKb-FpBFZuSJHqlxrA6O26pX
C8Tjm0juFiNgV22JqUDe-vSjmcGwdGymh2DDmsEgc
C8Tjm0juFiNgV22JqUDe-t0YXKufLYQYIJWfdyrvE
vSjmcGwdGymh2DDmsEgc-5QP3RLt7U2PD0utb91Ca
vSjmcGwdGymh2DDmsEgc-9ZATNv7fCqUxw2t7gde5
5QP3RLt7U2PD0utb91Ca-gN6TyyBfnrrqqtixBmLL
5QP3RLt7U2PD0utb91Ca-MvAylURr1g1RWaGE7rII
gN6TyyBfnrrqqtixBmLL-QyV3oE5PzCqiSN2xIPxs
gN6TyyBfnrrqqtixBmLL-DawhHrJTJ4VcxWVHck7P
QyV3oE5PzCqiSN2xIPxs-jwPsUPlQArwvgkBDBfbp
QyV3oE5PzCqiSN2xIPxs-WAdFO5kie6TrU5MPBLhx
jwPsUPlQArwvgkBDBfbp-33E4TMeFPpI9OF8fPoD6
jwPsUPlQArwvgkBDBfbp-ztxd7fEHwrd1z6Pmnlp0
33E4TMeFPpI9OF8fPoD6-Zf9Qz7Vs7OWRncII5cbQ
33E4TMeFPpI9OF8fPoD6-umBSXisoOd1Qw8lQvHAl
Zf9Qz7Vs7OWRncII5cbQ-wiCFkvTvM2BwilFv7LI8
Zf9Qz7Vs7OWRncII5cbQ-dTM5G2wy5VucTLCcZ4sK
wiCFkvTvM2BwilFv7LI8-KlX7fjtecKnEcbMvVqe2
wiCFkvTvM2BwilFv7LI8-OFIjYsYAmyJFyJ4hDIZC
KlX7fjtecKnEcbMvVqe2-DTllHdVSeBth1WJjW59E
KlX7fjtecKnEcbMvVqe2-jdORw7o5tQOjwi7FUZfu
DTllHdVSeBth1WJjW59E-NQ7tCNTIidDuiWc6bwyY
DTllHdVSeBth1WJjW59E-wZzDY7FTr1bwvpT6AGP6
NQ7tCNTIidDuiWc6bwyY-fVUSGVe5ac8kKRGHH1A2
fVUSGVe5ac8kKRGHH1A2-0lZA0X85o5CDnQbhlWjC
0lZA0X85o5CDnQbhlWjC-FpBFZuSJHqlxrA6O26pX
FpBFZuSJHqlxrA6O26pX-t0YXKufLYQYIJWfdyrvE
t0YXKufLYQYIJWfdyrvE-9ZATNv7fCqUxw2t7gde5
9ZATNv7fCqUxw2t7gde5-MvAylURr1g1RWaGE7rII
MvAylURr1g1RWaGE7rII-DawhHrJTJ4VcxWVHck7P
DawhHrJTJ4VcxWVHck7P-WAdFO5kie6TrU5MPBLhx
WAdFO5kie6TrU5MPBLhx-ztxd7fEHwrd1z6Pmnlp0
ztxd7fEHwrd1z6Pmnlp0-umBSXisoOd1Qw8lQvHAl
umBSXisoOd1Qw8lQvHAl-dTM5G2wy5VucTLCcZ4sK
dTM5G2wy5VucTLCcZ4sK-OFIjYsYAmyJFyJ4hDIZC
OFIjYsYAmyJFyJ4hDIZC-jdORw7o5tQOjwi7FUZfu
jdORw7o5tQOjwi7FUZfu-wZzDY7FTr1bwvpT6AGP6

