4
##start
fzxc0WG0lVAj6ATjjX2A 0 0
9VNFsfJ4qHLoGBufBRBH 1 0
NmNqfXqfK9Nxwuggw4mF 2 0
gqHSf71iezcBdjbEHKvr 3 0
LK5t5pJqPyehHGCc0Fy6 4 0
fV74lolx4OhLjzJCaRYs 0 1
gZQKLSjEy4CZwcDVRab5 1 1
y965CSUrp2649VOR3g7q 2 1
LY34AAQWygqUNk06ONHx 3 1
BBKNLvwJByKkPJnkGR7Q 4 1
0B0MwbPNRB7BJI6dqpRz 0 2
1glsXJsDClAyQ67Rr71R 1 2
##end
83pEVYSS5RyWOLZLVXDS 2 2
Z7h6HJk0tJBfIewjUiks 3 2
8qojmZ4HUXbH5Xp338Xs 4 2
bwQ4YUInOGVfXYO2XleW 0 3
RbjzwgnZRcxRhcckQQlP 1 3
EutoNWWajJb4pssczxPD 2 3
NwTtplfjV5Z9yBmzye88 3 3
fNJe8BcXsqB6reMIm1Yy 4 3
BMjfiNlSUTIn5yMpo9Eo 0 4
Mwqx4EQ3CR1Nxs6OX1ur 1 4
Od6HsY0vPf68SR1HEuz0 2 4
lFgmXLFd0Llfiatep167 3 4
f4PrLbGyikugyYqj21mD 4 4
fzxc0WG0lVAj6ATjjX2A-9VNFsfJ4qHLoGBufBRBH
fzxc0WG0lVAj6ATjjX2A-fV74lolx4OhLjzJCaRYs
9VNFsfJ4qHLoGBufBRBH-NmNqfXqfK9Nxwuggw4mF
9VNFsfJ4qHLoGBufBRBH-gZQKLSjEy4CZwcDVRab5
NmNqfXqfK9Nxwuggw4mF-gqHSf71iezcBdjbEHKvr
NmNqfXqfK9Nxwuggw4mF-y965CSUrp2649VOR3g7q
gqHSf71iezcBdjbEHKvr-LK5t5pJqPyehHGCc0Fy6
gqHSf71iezcBdjbEHKvr-LY34AAQWygqUNk06ONHx
LK5t5pJqPyehHGCc0Fy6-fV74lolx4OhLjzJCaRYs
LK5t5pJqPyehHGCc0Fy6-BBKNLvwJByKkPJnkGR7Q
fV74lolx4OhLjzJCaRYs-gZQKLSjEy4CZwcDVRab5
fV74lolx4OhLjzJCaRYs-0B0MwbPNRB7BJI6dqpRz
gZQKLSjEy4CZwcDVRab5-y965CSUrp2649VOR3g7q
gZQKLSjEy4CZwcDVRab5-1glsXJsDClAyQ67Rr71R
y965CSUrp2649VOR3g7q-LY34AAQWygqUNk06ONHx
y965CSUrp2649VOR3g7q-83pEVYSS5RyWOLZLVXDS
LY34AAQWygqUNk06ONHx-BBKNLvwJByKkPJnkGR7Q
LY34AAQWygqUNk06ONHx-Z7h6HJk0tJBfIewjUiks
BBKNLvwJByKkPJnkGR7Q-0B0MwbPNRB7BJI6dqpRz
BBKNLvwJByKkPJnkGR7Q-8qojmZ4HUXbH5Xp338Xs
0B0MwbPNRB7BJI6dqpRz-1glsXJsDClAyQ67Rr71R
0B0MwbPNRB7BJI6dqpRz-bwQ4YUInOGVfXYO2XleW
1glsXJsDClAyQ67Rr71R-83pEVYSS5RyWOLZLVXDS
1glsXJsDClAyQ67Rr71R-RbjzwgnZRcxRhcckQQlP
83pEVYSS5RyWOLZLVXDS-Z7h6HJk0tJBfIewjUiks
83pEVYSS5RyWOLZLVXDS-EutoNWWajJb4pssczxPD
Z7h6HJk0tJBfIewjUiks-8qojmZ4HUXbH5Xp338Xs
Z7h6HJk0tJBfIewjUiks-NwTtplfjV5Z9yBmzye88
8qojmZ4HUXbH5Xp338Xs-bwQ4YUInOGVfXYO2XleW
8qojmZ4HUXbH5Xp338Xs-fNJe8BcXsqB6reMIm1Yy
bwQ4YUInOGVfXYO2XleW-RbjzwgnZRcxRhcckQQlP
bwQ4YUInOGVfXYO2XleW-BMjfiNlSUTIn5yMpo9Eo
RbjzwgnZRcxRhcckQQlP-EutoNWWajJb4pssczxPD
RbjzwgnZRcxRhcckQQlP-Mwqx4EQ3CR1Nxs6OX1ur
EutoNWWajJb4pssczxPD-NwTtplfjV5Z9yBmzye88
EutoNWWajJb4pssczxPD-Od6HsY0vPf68SR1HEuz0
NwTtplfjV5Z9yBmzye88-fNJe8BcXsqB6reMIm1Yy
NwTtplfjV5Z9yBmzye88-lFgmXLFd0Llfiatep167
fNJe8BcXsqB6reMIm1Yy-BMjfiNlSUTIn5yMpo9Eo
fNJe8BcXsqB6reMIm1Yy-f4PrLbGyikugyYqj21mD
BMjfiNlSUTIn5yMpo9Eo-Mwqx4EQ3CR1Nxs6OX1ur
Mwqx4EQ3CR1Nxs6OX1ur-Od6HsY0vPf68SR1HEuz0
Mwqx4EQ3CR1Nxs6OX1ur-